#-----------------------------------------------------------
# Vivado v2020.2 (64-bit)
# SW Build 3064766 on Wed Nov 18 09:12:45 MST 2020
# IP Build 3064653 on Wed Nov 18 14:17:31 MST 2020
# Start of session at: Wed Apr  3 15:52:18 2024
# Process ID: 13680
# Current directory: C:/Users/zafranc/Downloads/DLDLab3_Spring24/Lab3/Vivado/Lab1
# Command line: vivado.exe -gui_launcher_event rodinguilauncherevent21040 C:\Users\zafranc\Downloads\DLDLab3_Spring24\Lab3\Vivado\Lab1\Lab1.xpr
# Log file: C:/Users/zafranc/Downloads/DLDLab3_Spring24/Lab3/Vivado/Lab1/vivado.log
# Journal file: C:/Users/zafranc/Downloads/DLDLab3_Spring24/Lab3/Vivado/Lab1\vivado.jou
#-----------------------------------------------------------
start_gui
open_project C:/Users/zafranc/Downloads/DLDLab3_Spring24/Lab3/Vivado/Lab1/Lab1.xpr
update_compile_order -fileset sources_1
add_files -norecurse {C:/Users/zafranc/Downloads/DLDLab3_Spring24/Lab3/SV/fsm_tb.sv C:/Users/zafranc/Downloads/DLDLab3_Spring24/Lab3/SV/clk_div.sv C:/Users/zafranc/Downloads/DLDLab3_Spring24/Lab3/SV/fsm.sv}
update_compile_order -fileset sources_1
